2017-11-06 10:53:40,520 - ERROR - AppendDiviceTest-----address input test was wrong!
2017-11-06 11:06:09,032 - CRITICAL - no_device_start------start error
2017-11-06 11:09:32,593 - ERROR - AppendDiviceTest-----address input test was wrong!
2017-11-06 11:17:24,958 - ERROR - AppendDiviceTest-----address input test was wrong!
2017-11-06 11:19:14,217 - ERROR - AppendDiviceTest-----address input test was wrong!
2017-11-06 11:39:38,122 - ERROR - FindDeviceTest-----start address was wrong!
2017-11-06 11:39:46,126 - ERROR - FindDeviceTest-----end address was wrong!
2017-11-06 11:39:52,142 - ERROR - FindDeviceTest-----cancel find was wrong!
2017-11-06 11:39:57,158 - ERROR - FindDeviceTest-----finally find device was wrong!
2017-11-06 11:39:57,158 - ERROR - FindDeviceTest-----the app can't close
2017-11-06 11:40:29,367 - ERROR - FindDeviceTest-----baud rate selecting was wrong!
2017-11-06 11:40:34,415 - ERROR - FindDeviceTest-----default value was wrong!
2017-11-06 11:40:39,445 - ERROR - FindDeviceTest-----start address was wrong!
2017-11-06 11:40:47,445 - ERROR - FindDeviceTest-----end address was wrong!
2017-11-06 11:40:53,492 - ERROR - FindDeviceTest-----cancel find was wrong!
2017-11-06 11:41:34,289 - ERROR - FindDeviceTest-----the app can't close
2017-11-06 11:41:38,582 - ERROR - FindDeviceTest-----finally find device was wrong!
2017-11-06 11:41:38,582 - ERROR - FindDeviceTest-----the app can't close
2017-11-06 11:43:21,641 - ERROR - FindDeviceTest-----the app can't close
2017-11-06 12:13:35,576 - ERROR - DeviceParameterCheckTest-----finding communtion paramenter was wrong!
2017-11-06 12:15:35,583 - ERROR - DeviceParameterCheckTest-----divice manage was wrong!
2017-11-06 12:19:02,433 - ERROR - ParameterPostTest------the para of dianji input error
2017-11-06 12:21:03,457 - ERROR - ParameterPostTest-----project para was wrong!
